﻿
> smart-crop-disease-detection-farming-decision-support-system@0.0.0 build
> vite build

[36mvite v8.0.0-beta.14 [32mbuilding client environment for production...[36m[39m
[2K
transforming...Ô£ô 806 modules transformed.
node.exe : [31mÔ£ù[39m Build failed in 5.21s
At line:1 char:1
+ & "C:\Program Files\nodejs/node.exe" "C:\Program Files\nodejs/node_mo ...
+ ~~~~~~~~~~~~~~~~~~~~~~~~~~~~~~~~~~~~~~~~~~~~~~~~~~~~~~~~~~~~~~~~~~~~~
    + CategoryInfo          : NotSpecified: ([31mÔ£ù[39m Build failed in 5.21s:String) [], RemoteException
    + FullyQualifiedErrorId : NativeCommandError
 
[31merror during build:
[31mBuild failed with 1 error:

[plugin vite:react-babel] C:/Users/sushi/OneDrive/Desktop/Smart Crop Disease Detection-Farming Decision Support 
System/frontend/src/pages/AdminDashboard/AdminDashboard.jsx:1519:40
SyntaxError: C:\Users\sushi\OneDrive\Desktop\Smart Crop Disease Detection-Farming Decision Support 
System\frontend\src\pages\AdminDashboard\AdminDashboard.jsx: Adjacent JSX elements must be wrapped in an enclosing 
tag. Did you want a JSX fragment <>...</>? (1519:40)

[0m [90m 1517 |[31m                                                 [33m<[31m[33m/[31m[33mdiv[31m[33m>[31m
 [90m 1518 |[31m                                             [33m<[31m[33m/[31m[33mdiv[31m[33m>[31m
[31m[1m>[22m[31m[90m 1519 |[31m                                         
[33m<[31m[33m/[31m[33mdiv[31m[33m>[31m
 [90m      |[31m                                         [31m[1m^[22m[31m
 [90m 1520 |[31m                                     )}
 [90m 1521 |[31m
 [90m 1522 |[31m                                     {[90m/* Schemes Table */[31m}[0m
    at constructor (C:\Users\sushi\OneDrive\Desktop\Smart Crop Disease Detection-Farming Decision Support 
System\frontend\node_modules\@babel\parser\lib\index.js:365:19)
    at JSXParserMixin.raise (C:\Users\sushi\OneDrive\Desktop\Smart Crop Disease Detection-Farming Decision Support 
System\frontend\node_modules\@babel\parser\lib\index.js:6599:19)
    at JSXParserMixin.jsxParseElementAt (C:\Users\sushi\OneDrive\Desktop\Smart Crop Disease Detection-Farming Decision 
Support System\frontend\node_modules\@babel\parser\lib\index.js:4742:18)
    at JSXParserMixin.jsxParseElement (C:\Users\sushi\OneDrive\Desktop\Smart Crop Disease Detection-Farming Decision 
Support System\frontend\node_modules\@babel\parser\lib\index.js:4749:17)
    at JSXParserMixin.parseExprAtom (C:\Users\sushi\OneDrive\Desktop\Smart Crop Disease Detection-Farming Decision 
Support System\frontend\node_modules\@babel\parser\lib\index.js:4759:19)
    at JSXParserMixin.parseExprSubscripts (C:\Users\sushi\OneDrive\Desktop\Smart Crop Disease Detection-Farming 
Decision Support System\frontend\node_modules\@babel\parser\lib\index.js:11081:23)
    at JSXParserMixin.parseUpdate (C:\Users\sushi\OneDrive\Desktop\Smart Crop Disease Detection-Farming Decision 
Support System\frontend\node_modules\@babel\parser\lib\index.js:11066:21)
    at JSXParserMixin.parseMaybeUnary (C:\Users\sushi\OneDrive\Desktop\Smart Crop Disease Detection-Farming Decision 
Support System\frontend\node_modules\@babel\parser\lib\index.js:11046:23)
    at JSXParserMixin.parseMaybeUnaryOrPrivate (C:\Users\sushi\OneDrive\Desktop\Smart Crop Disease Detection-Farming 
Decision Support System\frontend\node_modules\@babel\parser\lib\index.js:10899:61)
    at JSXParserMixin.parseExprOps (C:\Users\sushi\OneDrive\Desktop\Smart Crop Disease Detection-Farming Decision 
Support System\frontend\node_modules\@babel\parser\lib\index.js:10904:23)
    at JSXParserMixin.parseMaybeConditional (C:\Users\sushi\OneDrive\Desktop\Smart Crop Disease Detection-Farming 
Decision Support System\frontend\node_modules\@babel\parser\lib\index.js:10881:23)
    at JSXParserMixin.parseMaybeAssign (C:\Users\sushi\OneDrive\Desktop\Smart Crop Disease Detection-Farming Decision 
Support System\frontend\node_modules\@babel\parser\lib\index.js:10831:21)
    at C:\Users\sushi\OneDrive\Desktop\Smart Crop Disease Detection-Farming Decision Support 
System\frontend\node_modules\@babel\parser\lib\index.js:10800:39
    at JSXParserMixin.allowInAnd (C:\Users\sushi\OneDrive\Desktop\Smart Crop Disease Detection-Farming Decision 
Support System\frontend\node_modules\@babel\parser\lib\index.js:12426:12)
    at JSXParserMixin.parseMaybeAssignAllowIn (C:\Users\sushi\OneDrive\Desktop\Smart Crop Disease Detection-Farming 
Decision Support System\frontend\node_modules\@babel\parser\lib\index.js:10800:17)
    at JSXParserMixin.parseMaybeAssignAllowInOrVoidPattern (C:\Users\sushi\OneDrive\Desktop\Smart Crop Disease 
Detection-Farming Decision Support System\frontend\node_modules\@babel\parser\lib\index.js:12493:17)
    at JSXParserMixin.parseParenAndDistinguishExpression (C:\Users\sushi\OneDrive\Desktop\Smart Crop Disease 
Detection-Farming Decision Support System\frontend\node_modules\@babel\parser\lib\index.js:11675:28)
    at JSXParserMixin.parseExprAtom (C:\Users\sushi\OneDrive\Desktop\Smart Crop Disease Detection-Farming Decision 
Support System\frontend\node_modules\@babel\parser\lib\index.js:11331:23)
    at JSXParserMixin.parseExprAtom (C:\Users\sushi\OneDrive\Desktop\Smart Crop Disease Detection-Farming Decision 
Support System\frontend\node_modules\@babel\parser\lib\index.js:4764:20)
    at JSXParserMixin.parseExprSubscripts (C:\Users\sushi\OneDrive\Desktop\Smart Crop Disease Detection-Farming 
Decision Support System\frontend\node_modules\@babel\parser\lib\index.js:11081:23)
    at JSXParserMixin.parseUpdate (C:\Users\sushi\OneDrive\Desktop\Smart Crop Disease Detection-Farming Decision 
Support System\frontend\node_modules\@babel\parser\lib\index.js:11066:21)
    at JSXParserMixin.parseMaybeUnary (C:\Users\sushi\OneDrive\Desktop\Smart Crop Disease Detection-Farming Decision 
Support System\frontend\node_modules\@babel\parser\lib\index.js:11046:23)
    at JSXParserMixin.parseMaybeUnaryOrPrivate (C:\Users\sushi\OneDrive\Desktop\Smart Crop Disease Detection-Farming 
Decision Support System\frontend\node_modules\@babel\parser\lib\index.js:10899:61)
    at JSXParserMixin.parseExprOpBaseRightExpr (C:\Users\sushi\OneDrive\Desktop\Smart Crop Disease Detection-Farming 
Decision Support System\frontend\node_modules\@babel\parser\lib\index.js:10986:34)
    at JSXParserMixin.parseExprOpRightExpr (C:\Users\sushi\OneDrive\Desktop\Smart Crop Disease Detection-Farming 
Decision Support System\frontend\node_modules\@babel\parser\lib\index.js:10981:21)
    at JSXParserMixin.parseExprOp (C:\Users\sushi\OneDrive\Desktop\Smart Crop Disease Detection-Farming Decision 
Support System\frontend\node_modules\@babel\parser\lib\index.js:10947:27)
    at JSXParserMixin.parseExprOps (C:\Users\sushi\OneDrive\Desktop\Smart Crop Disease Detection-Farming Decision 
Support System\frontend\node_modules\@babel\parser\lib\index.js:10908:17)
    at JSXParserMixin.parseMaybeConditional (C:\Users\sushi\OneDrive\Desktop\Smart Crop Disease Detection-Farming 
Decision Support System\frontend\node_modules\@babel\parser\lib\index.js:10881:23)
    at JSXParserMixin.parseMaybeAssign (C:\Users\sushi\OneDrive\Desktop\Smart Crop Disease Detection-Farming Decision 
Support System\frontend\node_modules\@babel\parser\lib\index.js:10831:21)
    at JSXParserMixin.parseExpressionBase (C:\Users\sushi\OneDrive\Desktop\Smart Crop Disease Detection-Farming 
Decision Support System\frontend\node_modules\@babel\parser\lib\index.js:10784:23)
    at C:\Users\sushi\OneDrive\Desktop\Smart Crop Disease Detection-Farming Decision Support 
System\frontend\node_modules\@babel\parser\lib\index.js:10780:39
    at JSXParserMixin.allowInAnd (C:\Users\sushi\OneDrive\Desktop\Smart Crop Disease Detection-Farming Decision 
Support System\frontend\node_modules\@babel\parser\lib\index.js:12426:12)
    at JSXParserMixin.parseExpression (C:\Users\sushi\OneDrive\Desktop\Smart Crop Disease Detection-Farming Decision 
Support System\frontend\node_modules\@babel\parser\lib\index.js:10780:17)
    at JSXParserMixin.jsxParseExpressionContainer (C:\Users\sushi\OneDrive\Desktop\Smart Crop Disease 
Detection-Farming Decision Support System\frontend\node_modules\@babel\parser\lib\index.js:4632:31)
    at JSXParserMixin.jsxParseElementAt (C:\Users\sushi\OneDrive\Desktop\Smart Crop Disease Detection-Farming Decision 
Support System\frontend\node_modules\@babel\parser\lib\index.js:4711:36)
    at JSXParserMixin.jsxParseElementAt (C:\Users\sushi\OneDrive\Desktop\Smart Crop Disease Detection-Farming Decision 
Support System\frontend\node_modules\@babel\parser\lib\index.js:4698:32)
    at JSXParserMixin.jsxParseElement (C:\Users\sushi\OneDrive\Desktop\Smart Crop Disease Detection-Farming Decision 
Support System\frontend\node_modules\@babel\parser\lib\index.js:4749:17)
    at JSXParserMixin.parseExprAtom (C:\Users\sushi\OneDrive\Desktop\Smart Crop Disease Detection-Farming Decision 
Support System\frontend\node_modules\@babel\parser\lib\index.js:4759:19)
    at JSXParserMixin.parseExprSubscripts (C:\Users\sushi\OneDrive\Desktop\Smart Crop Disease Detection-Farming 
Decision Support System\frontend\node_modules\@babel\parser\lib\index.js:11081:23)
    at JSXParserMixin.parseUpdate (C:\Users\sushi\OneDrive\Desktop\Smart Crop Disease Detection-Farming Decision 
Support System\frontend\node_modules\@babel\parser\lib\index.js:11066:21)
    at JSXParserMixin.parseMaybeUnary (C:\Users\sushi\OneDrive\Desktop\Smart Crop Disease Detection-Farming Decision 
Support System\frontend\node_modules\@babel\parser\lib\index.js:11046:23)
    at JSXParserMixin.parseMaybeUnaryOrPrivate (C:\Users\sushi\OneDrive\Desktop\Smart Crop Disease Detection-Farming 
Decision Support System\frontend\node_modules\@babel\parser\lib\index.js:10899:61)
    at JSXParserMixin.parseExprOps (C:\Users\sushi\OneDrive\Desktop\Smart Crop Disease Detection-Farming Decision 
Support System\frontend\node_modules\@babel\parser\lib\index.js:10904:23)
    at JSXParserMixin.parseMaybeConditional (C:\Users\sushi\OneDrive\Desktop\Smart Crop Disease Detection-Farming 
Decision Support System\frontend\node_modules\@babel\parser\lib\index.js:10881:23)
    at JSXParserMixin.parseMaybeAssign (C:\Users\sushi\OneDrive\Desktop\Smart Crop Disease Detection-Farming Decision 
Support System\frontend\node_modules\@babel\parser\lib\index.js:10831:21)
    at C:\Users\sushi\OneDrive\Desktop\Smart Crop Disease Detection-Farming Decision Support 
System\frontend\node_modules\@babel\parser\lib\index.js:10800:39
    at JSXParserMixin.allowInAnd (C:\Users\sushi\OneDrive\Desktop\Smart Crop Disease Detection-Farming Decision 
Support System\frontend\node_modules\@babel\parser\lib\index.js:12426:12)
    at JSXParserMixin.parseMaybeAssignAllowIn (C:\Users\sushi\OneDrive\Desktop\Smart Crop Disease Detection-Farming 
Decision Support System\frontend\node_modules\@babel\parser\lib\index.js:10800:17)
    at JSXParserMixin.parseMaybeAssignAllowInOrVoidPattern (C:\Users\sushi\OneDrive\Desktop\Smart Crop Disease 
Detection-Farming Decision Support System\frontend\node_modules\@babel\parser\lib\index.js:12493:17)
    at JSXParserMixin.parseParenAndDistinguishExpression (C:\Users\sushi\OneDrive\Desktop\Smart Crop Disease 
Detection-Farming Decision Support System\frontend\node_modules\@babel\parser\lib\index.js:11675:28)[31m
    at aggregateBindingErrorsIntoJsError (file:///C:/Users/sushi/OneDrive/Desktop/Smart%20Crop%20Disease%20Detection-Fa
rming%20Decision%20Support%20System/frontend/node_modules/rolldown/dist/shared/error-DC8XkJKP.mjs:52:18)
    at unwrapBindingResult (file:///C:/Users/sushi/OneDrive/Desktop/Smart%20Crop%20Disease%20Detection-Farming%20Decisi
on%20Support%20System/frontend/node_modules/rolldown/dist/shared/error-DC8XkJKP.mjs:22:128)
    at #build (file:///C:/Users/sushi/OneDrive/Desktop/Smart%20Crop%20Disease%20Detection-Farming%20Decision%20Support%
20System/frontend/node_modules/rolldown/dist/shared/rolldown-build-CjERPB8v.mjs:3357:34)
    at async buildEnvironment (file:///C:/Users/sushi/OneDrive/Desktop/Smart%20Crop%20Disease%20Detection-Farming%20Dec
ision%20Support%20System/frontend/node_modules/vite/dist/node/chunks/fetchableEnvironments.js:32746:64)
    at async Object.build (file:///C:/Users/sushi/OneDrive/Desktop/Smart%20Crop%20Disease%20Detection-Farming%20Decisio
n%20Support%20System/frontend/node_modules/vite/dist/node/chunks/fetchableEnvironments.js:33168:19)
    at async Object.buildApp (file:///C:/Users/sushi/OneDrive/Desktop/Smart%20Crop%20Disease%20Detection-Farming%20Deci
sion%20Support%20System/frontend/node_modules/vite/dist/node/chunks/fetchableEnvironments.js:33165:153)
    at async CAC.<anonymous> (file:///C:/Users/sushi/OneDrive/Desktop/Smart%20Crop%20Disease%20Detection-Farming%20Deci
sion%20Support%20System/frontend/node_modules/vite/dist/node/cli.js:641:3)[39m
